// Jest Snapshot v1, https://goo.gl/fbAQLP

exports[`Detail component Rendered Detail component 1`] = `
Object {
  "asFragment": [Function],
  "baseElement": <body>
    <div>
      <div
        class="single_item"
      >
        <h1
          class="fallback"
        >
          Loading...
        </h1>
        <div>
          <div
            class="going_back"
          >
            <button
              type="button"
            >
              <img
                alt="left arrow"
                src="LeftArrow.svg"
              />
              <h3>
                Go Back
              </h3>
            </button>
          </div>
          <div
            class="single"
          >
            <div
              class="single_item"
            >
              <img />
              <div
                class="single_name"
              >
                <h2 />
                <h2 />
              </div>
              <h3>
                <span>
                   Name:
                </span>
                 
              </h3>
              <h3>
                <span>
                   Symbol:
                </span>
                 
              </h3>
              <h3>
                <span>
                   Rank:
                </span>
                 
              </h3>
              <h3>
                <span>
                   Price:
                </span>
                 
                 
                $
              </h3>
              <h3>
                <span>
                   Price in BTC:
                </span>
                 
              </h3>
              <h3
                class="single_market"
              >
                <span>
                   Market Cap:
                </span>
                 
                 
                $
              </h3>
              <h3>
                <span>
                   Volume:
                </span>
                 
                 
                $
              </h3>
              <h3>
                <span>
                  Available Supply:
                </span>
                 
              </h3>
              <h3>
                <span>
                  Total Supply:
                </span>
                 
              </h3>
              <h3>
                <span>
                  Price Change in hour:
                </span>
                 
              </h3>
              <h3>
                <span>
                  Price Change in day:
                </span>
                 
              </h3>
              <h3>
                <span>
                  Price Change in week:
                </span>
                 
              </h3>
              <div
                class="url_link"
              >
                <a
                  rel="noreferrer"
                  target="_blank"
                >
                  <button
                    class="single_button"
                    type="button"
                  >
                    Website
                  </button>
                </a>
                <a
                  rel="noreferrer"
                  target="_blank"
                >
                  <button
                    class="single_button"
                    type="button"
                  >
                    Twitter
                  </button>
                </a>
              </div>
            </div>
          </div>
        </div>
      </div>
    </div>
  </body>,
  "container": <div>
    <div
      class="single_item"
    >
      <h1
        class="fallback"
      >
        Loading...
      </h1>
      <div>
        <div
          class="going_back"
        >
          <button
            type="button"
          >
            <img
              alt="left arrow"
              src="LeftArrow.svg"
            />
            <h3>
              Go Back
            </h3>
          </button>
        </div>
        <div
          class="single"
        >
          <div
            class="single_item"
          >
            <img />
            <div
              class="single_name"
            >
              <h2 />
              <h2 />
            </div>
            <h3>
              <span>
                 Name:
              </span>
               
            </h3>
            <h3>
              <span>
                 Symbol:
              </span>
               
            </h3>
            <h3>
              <span>
                 Rank:
              </span>
               
            </h3>
            <h3>
              <span>
                 Price:
              </span>
               
               
              $
            </h3>
            <h3>
              <span>
                 Price in BTC:
              </span>
               
            </h3>
            <h3
              class="single_market"
            >
              <span>
                 Market Cap:
              </span>
               
               
              $
            </h3>
            <h3>
              <span>
                 Volume:
              </span>
               
               
              $
            </h3>
            <h3>
              <span>
                Available Supply:
              </span>
               
            </h3>
            <h3>
              <span>
                Total Supply:
              </span>
               
            </h3>
            <h3>
              <span>
                Price Change in hour:
              </span>
               
            </h3>
            <h3>
              <span>
                Price Change in day:
              </span>
               
            </h3>
            <h3>
              <span>
                Price Change in week:
              </span>
               
            </h3>
            <div
              class="url_link"
            >
              <a
                rel="noreferrer"
                target="_blank"
              >
                <button
                  class="single_button"
                  type="button"
                >
                  Website
                </button>
              </a>
              <a
                rel="noreferrer"
                target="_blank"
              >
                <button
                  class="single_button"
                  type="button"
                >
                  Twitter
                </button>
              </a>
            </div>
          </div>
        </div>
      </div>
    </div>
  </div>,
  "debug": [Function],
  "findAllByAltText": [Function],
  "findAllByDisplayValue": [Function],
  "findAllByLabelText": [Function],
  "findAllByPlaceholderText": [Function],
  "findAllByRole": [Function],
  "findAllByTestId": [Function],
  "findAllByText": [Function],
  "findAllByTitle": [Function],
  "findByAltText": [Function],
  "findByDisplayValue": [Function],
  "findByLabelText": [Function],
  "findByPlaceholderText": [Function],
  "findByRole": [Function],
  "findByTestId": [Function],
  "findByText": [Function],
  "findByTitle": [Function],
  "getAllByAltText": [Function],
  "getAllByDisplayValue": [Function],
  "getAllByLabelText": [Function],
  "getAllByPlaceholderText": [Function],
  "getAllByRole": [Function],
  "getAllByTestId": [Function],
  "getAllByText": [Function],
  "getAllByTitle": [Function],
  "getByAltText": [Function],
  "getByDisplayValue": [Function],
  "getByLabelText": [Function],
  "getByPlaceholderText": [Function],
  "getByRole": [Function],
  "getByTestId": [Function],
  "getByText": [Function],
  "getByTitle": [Function],
  "queryAllByAltText": [Function],
  "queryAllByDisplayValue": [Function],
  "queryAllByLabelText": [Function],
  "queryAllByPlaceholderText": [Function],
  "queryAllByRole": [Function],
  "queryAllByTestId": [Function],
  "queryAllByText": [Function],
  "queryAllByTitle": [Function],
  "queryByAltText": [Function],
  "queryByDisplayValue": [Function],
  "queryByLabelText": [Function],
  "queryByPlaceholderText": [Function],
  "queryByRole": [Function],
  "queryByTestId": [Function],
  "queryByText": [Function],
  "queryByTitle": [Function],
  "rerender": [Function],
  "unmount": [Function],
}
`;
